rc=0
  ✓ Post Authenticate with WIF
  ✓ Post Setup Python 3.11
  ✓ Post Checkout exact revision
  ✓ Complete job
✓ Production smoke tests in 3s (ID 93181569631)
  ✓ Set up job
  ✓ Verify public core and degradable chat
  ✓ Complete job

ANNOTATIONS
! Node.js 20 is deprecated. The following actions target Node.js 20 but are being forced to run on Node.js 24: actions/checkout@11d5960a326750d5838078e36cf38b85af677262. For more information see: https://github.blog/changelog/2025-09-19-deprecation-of-node-20-on-github-actions-runners/
Resolve revision scope: .github#5

! Node.js 20 is deprecated. The following actions target Node.js 20 but are being forced to run on Node.js 24: actions/checkout@11d5960a326750d5838078e36cf38b85af677262. For more information see: https://github.blog/changelog/2025-09-19-deprecation-of-node-20-on-github-actions-runners/
Deployment configuration: .github#2

! Node.js 20 is deprecated. The following actions target Node.js 20 but are being forced to run on Node.js 24: actions/checkout@11d5960a326750d5838078e36cf38b85af677262, actions/setup-node@49933ea5288caeca8642d1e84afbd3f7d6820020. For more information see: https://github.blog/changelog/2025-09-19-deprecation-of-node-20-on-github-actions-runners/
Frontend tests: .github#2

! Node.js 20 is deprecated. The following actions target Node.js 20 but are being forced to run on Node.js 24: actions/download-artifact@d3f86a106a0bac45b974a628896c90dbdf5c8093, google-github-actions/auth@c200f3691d83b41bf9bbd8638997a462592937ed, google-github-actions/setup-gcloud@e427ad8a34f8676edf47cf7d7925499adf3eb74f. For more information see: https://github.blog/changelog/2025-09-19-deprecation-of-node-20-on-github-actions-runners/
Publish deferred GPU release: .github#2

! Node.js 20 is deprecated. The following actions target Node.js 20 but are being forced to run on Node.js 24: actions/checkout@11d5960a326750d5838078e36cf38b85af677262, actions/download-artifact@d3f86a106a0bac45b974a628896c90dbdf5c8093, actions/setup-python@a26af69be951a213d495a4c3e4e4022e16d87065, google-github-actions/auth@c200f3691d83b41bf9bbd8638997a462592937ed, google-github-actions/setup-gcloud@e427ad8a34f8676edf47cf7d7925499adf3eb74f. For more information see: https://github.blog/changelog/2025-09-19-deprecation-of-node-20-on-github-actions-runners/
Deploy production through IAP: .github#2

